// Jest Snapshot v1, https://goo.gl/fbAQLP

exports[`renders correctly 1`] = `
<Image
  source={
    Object {
      "uri": undefined,
    }
  }
  style={
    Array [
      Object {
        "borderRadius": 17,
        "height": 34,
        "width": 34,
      },
      undefined,
    ]
  }
/>
`;
