// Jest Snapshot v1, https://goo.gl/fbAQLP

exports[`renders correctly 1`] = `
<View
  style={
    Array [
      Object {
        "backgroundColor": "#D3D3D3",
        "height": 1,
      },
      undefined,
    ]
  }
/>
`;
